------------------------------------------------------------
Timing Analyzer Summary
------------------------------------------------------------

Type  : Slow 1100mV 100C Model Setup 'i_clk'
Slack : -2.685
TNS   : -83.571

Type  : Slow 1100mV 100C Model Hold 'i_clk'
Slack : 0.447
TNS   : 0.000

Type  : Slow 1100mV 100C Model Minimum Pulse Width 'i_clk'
Slack : -0.538
TNS   : -29.053

Type  : Slow 1100mV -40C Model Setup 'i_clk'
Slack : -2.676
TNS   : -83.156

Type  : Slow 1100mV -40C Model Hold 'i_clk'
Slack : 0.467
TNS   : 0.000

Type  : Slow 1100mV -40C Model Minimum Pulse Width 'i_clk'
Slack : -0.538
TNS   : -31.093

Type  : Fast 1100mV 100C Model Setup 'i_clk'
Slack : -0.819
TNS   : -21.291

Type  : Fast 1100mV 100C Model Hold 'i_clk'
Slack : 0.209
TNS   : 0.000

Type  : Fast 1100mV 100C Model Minimum Pulse Width 'i_clk'
Slack : -0.093
TNS   : -3.292

Type  : Fast 1100mV -40C Model Setup 'i_clk'
Slack : -0.606
TNS   : -15.294

Type  : Fast 1100mV -40C Model Hold 'i_clk'
Slack : 0.190
TNS   : 0.000

Type  : Fast 1100mV -40C Model Minimum Pulse Width 'i_clk'
Slack : -0.091
TNS   : -3.251

------------------------------------------------------------
